Archive member included to satisfy reference by file (symbol)

/usr/share/segger_embedded_studio_for_arm_4.40/lib/libc_v7em_fpv4_sp_d16_hard_t_le_eabi.a(libc_asm.o)
                              Output/Pressure_Sensor Debug/Obj/stm32f4xx_hal_rcc.o (__aeabi_uldivmod)
/usr/share/segger_embedded_studio_for_arm_4.40/lib/libc_v7em_fpv4_sp_d16_hard_t_le_eabi.a(libc2.o)
                              Output/Pressure_Sensor Debug/Obj/SEGGER_RTT_SES.o (vsnprintf)
/usr/share/segger_embedded_studio_for_arm_4.40/lib/libc_v7em_fpv4_sp_d16_hard_t_le_eabi.a(libc2_asm.o)
                              Output/Pressure_Sensor Debug/Obj/SEGGER_RTT.o (memcpy)
/usr/share/segger_embedded_studio_for_arm_4.40/lib/libc_v7em_fpv4_sp_d16_hard_t_le_eabi.a(libc.o)
                              /usr/share/segger_embedded_studio_for_arm_4.40/lib/libc_v7em_fpv4_sp_d16_hard_t_le_eabi.a(libc2.o) (__heap_lock)
/usr/share/segger_embedded_studio_for_arm_4.40/lib/libdebugio_v7em_fpv4_sp_d16_hard_t_le_eabi.a(libdebugio.o)
                              Output/Pressure_Sensor Debug/Obj/thumb_crt0.o (debug_fopen)
/usr/share/segger_embedded_studio_for_arm_4.40/lib/libdebugio_mempoll_v7em_fpv4_sp_d16_hard_t_le_eabi.a(mempoll_debug_operations.o)
                              /usr/share/segger_embedded_studio_for_arm_4.40/lib/libdebugio_v7em_fpv4_sp_d16_hard_t_le_eabi.a(libdebugio.o) (__do_debug_operation)
/usr/share/segger_embedded_studio_for_arm_4.40/lib/libdebugio_mempoll_v7em_fpv4_sp_d16_hard_t_le_eabi.a(do_nv_debug_operation.o)
                              /usr/share/segger_embedded_studio_for_arm_4.40/lib/libdebugio_v7em_fpv4_sp_d16_hard_t_le_eabi.a(libdebugio.o) (__do_nvdebug_operation)
/usr/share/segger_embedded_studio_for_arm_4.40/lib/libm_v7em_fpv4_sp_d16_hard_t_le_eabi.a(libm_asm.o)
                              /usr/share/segger_embedded_studio_for_arm_4.40/lib/libc_v7em_fpv4_sp_d16_hard_t_le_eabi.a(libc2.o) (__aeabi_dadd)
/usr/share/segger_embedded_studio_for_arm_4.40/lib/libm_v7em_fpv4_sp_d16_hard_t_le_eabi.a(libm2.o)
                              /usr/share/segger_embedded_studio_for_arm_4.40/lib/libvfprintf_v7em_fpv4_sp_d16_hard_t_le_eabi.o (frexp)

Discarded input sections

 .group         0x0000000000000000        0xc Output/Pressure_Sensor Debug/Obj/system_stm32f4xx.o
 .group         0x0000000000000000        0xc Output/Pressure_Sensor Debug/Obj/system_stm32f4xx.o
 .group         0x0000000000000000        0xc Output/Pressure_Sensor Debug/Obj/system_stm32f4xx.o
 .group         0x0000000000000000        0xc Output/Pressure_Sensor Debug/Obj/system_stm32f4xx.o
 .group         0x0000000000000000        0xc Output/Pressure_Sensor Debug/Obj/system_stm32f4xx.o
 .group         0x0000000000000000        0xc Output/Pressure_Sensor Debug/Obj/system_stm32f4xx.o
 .group         0x0000000000000000        0xc Output/Pressure_Sensor Debug/Obj/system_stm32f4xx.o
 .group         0x0000000000000000        0xc Output/Pressure_Sensor Debug/Obj/system_stm32f4xx.o
 .group         0x0000000000000000        0xc Output/Pressure_Sensor Debug/Obj/system_stm32f4xx.o
 .group         0x0000000000000000        0xc Output/Pressure_Sensor Debug/Obj/system_stm32f4xx.o
 .group         0x0000000000000000        0xc Output/Pressure_Sensor Debug/Obj/system_stm32f4xx.o
 .group         0x0000000000000000        0xc Output/Pressure_Sensor Debug/Obj/system_stm32f4xx.o
 .group         0x0000000000000000        0xc Output/Pressure_Sensor Debug/Obj/system_stm32f4xx.o
 .group         0x0000000000000000        0xc Output/Pressure_Sensor Debug/Obj/system_stm32f4xx.o
 .group         0x0000000000000000        0xc Output/Pressure_Sensor Debug/Obj/system_stm32f4xx.o
 .group         0x0000000000000000        0xc Output/Pressure_Sensor Debug/Obj/system_stm32f4xx.o
 .group         0x0000000000000000        0xc Output/Pressure_Sensor Debug/Obj/system_stm32f4xx.o
 .group         0x0000000000000000        0xc Output/Pressure_Sensor Debug/Obj/system_stm32f4xx.o
 .group         0x0000000000000000        0xc Output/Pressure_Sensor Debug/Obj/system_stm32f4xx.o
 .group         0x0000000000000000        0xc Output/Pressure_Sensor Debug/Obj/system_stm32f4xx.o
 .group         0x0000000000000000        0xc Output/Pressure_Sensor Debug/Obj/system_stm32f4xx.o
 .group         0x0000000000000000        0xc Output/Pressure_Sensor Debug/Obj/system_stm32f4xx.o
 .group         0x0000000000000000        0xc Output/Pressure_Sensor Debug/Obj/system_stm32f4xx.o
 .group         0x0000000000000000        0xc Output/Pressure_Sensor Debug/Obj/system_stm32f4xx.o
 .group         0x0000000000000000        0xc Output/Pressure_Sensor Debug/Obj/system_stm32f4xx.o
 .group         0x0000000000000000        0xc Output/Pressure_Sensor Debug/Obj/system_stm32f4xx.o
 .group         0x0000000000000000        0xc Output/Pressure_Sensor Debug/Obj/system_stm32f4xx.o
 .group         0x0000000000000000        0xc Output/Pressure_Sensor Debug/Obj/system_stm32f4xx.o
[...]
Memory Configuration

Name             Origin             Length             Attributes
UNPLACED_SECTIONS 0x0000000100000000 0x0000000000000000 xw
RAM2             0x0000000020000000 0x0000000000020000 xw
RAM              0x0000000010000000 0x0000000000010000 xw
FLASH            0x0000000008000000 0x0000000000080000 xr
*default*        0x0000000000000000 0xffffffffffffffff

Linker script and memory map

                0x0000000000000000                __vfprintf = __vfprintf_short_float_long
                0x0000000000000000                __vfscanf = __vfscanf_float_long
                0x0000000020000000                __RAM2_segment_start__ = 0x20000000
                0x0000000020020000                __RAM2_segment_end__ = 0x20020000
                0x0000000000020000                __RAM2_segment_size__ = 0x20000
                0x0000000010000000                __RAM_segment_start__ = 0x10000000
                0x0000000010010000                __RAM_segment_end__ = 0x10010000
                0x0000000000010000                __RAM_segment_size__ = 0x10000
                0x0000000008000000                __FLASH_segment_start__ = 0x8000000
                0x0000000008080000                __FLASH_segment_end__ = 0x8080000
                0x0000000000080000                __FLASH_segment_size__ = 0x80000
                0x0000000000000100                __HEAPSIZE__ = 0x100
                0x0000000000000000                __STACKSIZE_PROCESS__ = 0x0
                0x0000000000000100                __STACKSIZE__ = 0x100
                0x0000000020000000                __data2_run_load_start__ = ALIGN (__RAM2_segment_start__, 0x4)

.data2_run      0x0000000020000000        0x0
                0x0000000020000000                __data2_run_start__ = .
 *(.data2_run .data2_run.*)
                0x0000000020000000                __data2_run_end__ = (__data2_run_start__ + SIZEOF (.data2_run))
                0x0000000000000000                __data2_run_size__ = SIZEOF (.data2_run)
                0x0000000020000000                __data2_run_load_end__ = __data2_run_end__
                0x0000000000000001                . = ASSERT (((__data2_run_start__ == __data2_run_end__) || ((__data2_run_end__ - __RAM2_segment_start__) <= __RAM2_segment_size__)), error: .data2_run is too large to fit in RAM2 memory segment)
                0x0000000020000000                __bss2_load_start__ = ALIGN (__data2_run_end__, 0x4)

.bss2           0x0000000020000000        0x0
                0x0000000020000000                __bss2_start__ = .
 *(.bss2 .bss2.*)
                0x0000000020000000                __bss2_end__ = (__bss2_start__ + SIZEOF (.bss2))
                0x0000000000000000                __bss2_size__ = SIZEOF (.bss2)
                0x0000000020000000                __bss2_load_end__ = __bss2_end__
                0x0000000020000000                __RAM2_segment_used_end__ = (ALIGN (__data2_run_end__, 0x4) + SIZEOF (.bss2))
                0x0000000000000000                __RAM2_segment_used_size__ = (__RAM2_segment_used_end__ - __RAM2_segment_start__)
                0x0000000000000001                . = ASSERT (((__bss2_start__ == __bss2_end__) || ((__bss2_end__ - __RAM2_segment_start__) <= __RAM2_segment_size__)), error: .bss2 is too large to fit in RAM2 memory segment)
                0x0000000010000000                __vectors_ram_load_start__ = ALIGN (__RAM_segment_start__, 0x100)

.vectors_ram    0x0000000010000000        0x0
                0x0000000010000000                __vectors_ram_start__ = .
 *(.vectors_ram .vectors_ram.*)
                0x0000000010000000                __vectors_ram_end__ = (__vectors_ram_start__ + SIZEOF (.vectors_ram))
                0x0000000000000000                __vectors_ram_size__ = SIZEOF (.vectors_ram)
                0x0000000010000000                __vectors_ram_load_end__ = __vectors_ram_end__
                0x0000000000000001                . = ASSERT (((__vectors_ram_start__ == __vectors_ram_end__) || ((__vectors_ram_end__ - __RAM_segment_start__) <= __RAM_segment_size__)), error: .vectors_ram is too large to fit in RAM memory segment)
                0x0000000008000000                __vectors_load_start__ = ALIGN (__FLASH_segment_start__, 0x100)

.vectors        0x0000000008000000      0x188
                0x0000000008000000                __vectors_start__ = .
 *(.vectors .vectors.*)
 .vectors       0x0000000008000000      0x188 Output/Pressure_Sensor Debug/Obj/STM32F40x_Vectors.o
                0x0000000008000000                _vectors
                0x0000000008000188                __vectors_end__ = (__vectors_start__ + SIZEOF (.vectors))
                0x0000000000000188                __vectors_size__ = SIZEOF (.vectors)
                0x0000000008000188                __vectors_load_end__ = __vectors_end__
                0x0000000000000001                . = ASSERT (((__vectors_start__ == __vectors_end__) || ((__vectors_end__ - __FLASH_segment_start__) <= __FLASH_segment_size__)), error: .vectors is too large to fit in FLASH memory segment)
                0x0000000008000188                __init_load_start__ = ALIGN (__vectors_end__, 0x4)

.init           0x0000000008000188      0x2a0
                0x0000000008000188                __init_start__ = .
 *(.init .init.*)
 .init.SystemInit
                0x0000000008000188       0x64 Output/Pressure_Sensor Debug/Obj/system_stm32f4xx.o
                0x0000000008000188                SystemInit
 .init          0x00000000080001ec      0x154 Output/Pressure_Sensor Debug/Obj/thumb_crt0.o
                0x00000000080001ec                _start
                0x000000000800029c                exit
 .init          0x0000000008000340       0x3c Output/Pressure_Sensor Debug/Obj/STM32F4xx_Startup.o
                0x0000000008000340                Reset_Handler
 .init          0x000000000800037c       0xac Output/Pressure_Sensor Debug/Obj/STM32F40x_Vectors.o
                0x0000000008000388                WWDG_IRQHandler
                0x000000000800038a                PVD_IRQHandler
                0x000000000800038c                TAMP_STAMP_IRQHandler
                0x000000000800038e                RTC_WKUP_IRQHandler
                0x0000000008000390                RCC_IRQHandler
                0x0000000008000392                EXTI0_IRQHandler
                0x0000000008000394                EXTI1_IRQHandler
                0x0000000008000396                EXTI2_IRQHandler
                0x0000000008000398                EXTI3_IRQHandler
                0x000000000800039a                EXTI4_IRQHandler
                0x000000000800039c                DMA1_Stream0_IRQHandler
                0x000000000800039e                DMA1_Stream1_IRQHandler
                0x00000000080003a0                DMA1_Stream2_IRQHandler
                0x00000000080003a2                DMA1_Stream3_IRQHandler
                0x00000000080003a4                DMA1_Stream4_IRQHandler
                0x00000000080003a6                DMA1_Stream5_IRQHandler
                0x00000000080003a8                DMA1_Stream6_IRQHandler
                0x00000000080003aa                ADC_IRQHandler
                0x00000000080003ac                CAN1_TX_IRQHandler
                0x00000000080003ae                CAN1_RX0_IRQHandler
                0x00000000080003b0                CAN1_RX1_IRQHandler
                0x00000000080003b2                CAN1_SCE_IRQHandler
                0x00000000080003b4                EXTI9_5_IRQHandler
                0x00000000080003b6                TIM1_BRK_TIM9_IRQHandler
                0x00000000080003b8                TIM1_UP_TIM10_IRQHandler
                0x00000000080003ba                TIM1_TRG_COM_TIM11_IRQHandler
                0x00000000080003bc                TIM1_CC_IRQHandler
                0x00000000080003be                TIM2_IRQHandler
                0x00000000080003c0                TIM3_IRQHandler
                0x00000000080003c2                TIM4_IRQHandler
                0x00000000080003c4                I2C1_EV_IRQHandler
                0x00000000080003c6                I2C1_ER_IRQHandler
                0x00000000080003c8                I2C2_EV_IRQHandler
                0x00000000080003ca                I2C2_ER_IRQHandler
                0x00000000080003cc                SPI1_IRQHandler
                0x00000000080003ce                SPI2_IRQHandler
                0x00000000080003d0                USART1_IRQHandler
                0x00000000080003d2                USART2_IRQHandler
                0x00000000080003d4                USART3_IRQHandler
                0x00000000080003d6                EXTI15_10_IRQHandler
                0x00000000080003d8                RTC_Alarm_IRQHandler
                0x00000000080003da                OTG_FS_WKUP_IRQHandler
                0x00000000080003dc                TIM8_BRK_TIM12_IRQHandler
                0x00000000080003de                TIM8_UP_TIM13_IRQHandler
                0x00000000080003e0                TIM8_TRG_COM_TIM14_IRQHandler
                0x00000000080003e2                TIM8_CC_IRQHandler
                0x00000000080003e4                DMA1_Stream7_IRQHandler
                0x00000000080003e6                FSMC_IRQHandler
                0x00000000080003e8                SDIO_IRQHandler
                0x00000000080003ea                TIM5_IRQHandler
                0x00000000080003ec                SPI3_IRQHandler
                0x00000000080003ee                UART4_IRQHandler
                0x00000000080003f0                UART5_IRQHandler
                0x00000000080003f2                TIM6_DAC_IRQHandler
                0x00000000080003f4                TIM7_IRQHandler
                0x00000000080003f6                DMA2_Stream0_IRQHandler
                0x00000000080003f8                DMA2_Stream1_IRQHandler
                0x00000000080003fa                DMA2_Stream2_IRQHandler
                0x00000000080003fc                DMA2_Stream3_IRQHandler
                0x00000000080003fe                DMA2_Stream4_IRQHandler
                0x0000000008000400                ETH_IRQHandler
                0x0000000008000402                ETH_WKUP_IRQHandler
                0x0000000008000404                CAN2_TX_IRQHandler
                0x0000000008000406                CAN2_RX0_IRQHandler
                0x0000000008000408                CAN2_RX1_IRQHandler
                0x000000000800040a                CAN2_SCE_IRQHandler
                0x000000000800040c                OTG_FS_IRQHandler
                0x000000000800040e                DMA2_Stream5_IRQHandler
                0x0000000008000410                DMA2_Stream6_IRQHandler
                0x0000000008000412                DMA2_Stream7_IRQHandler
                0x0000000008000414                USART6_IRQHandler
                0x0000000008000416                I2C3_EV_IRQHandler
                0x0000000008000418                I2C3_ER_IRQHandler
                0x000000000800041a                OTG_HS_EP1_OUT_IRQHandler
                0x000000000800041c                OTG_HS_EP1_IN_IRQHandler
                0x000000000800041e                OTG_HS_WKUP_IRQHandler
                0x0000000008000420                OTG_HS_IRQHandler
                0x0000000008000422                DCMI_IRQHandler
                0x0000000008000424                FPU_IRQHandler
                0x0000000008000428                __init_end__ = (__init_start__ + SIZEOF (.init))
                0x00000000000002a0                __init_size__ = SIZEOF (.init)
                0x0000000008000428                __init_load_end__ = __init_end__
                0x0000000000000001                . = ASSERT (((__init_start__ == __init_end__) || ((__init_end__ - __FLASH_segment_start__) <= __FLASH_segment_size__)), error: .init is too large to fit in FLASH memory segment)
                0x0000000008000428                __init_rodata_load_start__ = ALIGN (__init_end__, 0x4)

.init_rodata    0x0000000008000428       0x10
                0x0000000008000428                __init_rodata_start__ = .
 *(.init_rodata .init_rodata.*)
 .init_rodata.AHBPrescTable
                0x0000000008000428       0x10 Output/Pressure_Sensor Debug/Obj/system_stm32f4xx.o
                0x0000000008000428                AHBPrescTable
                0x0000000008000438                __init_rodata_end__ = (__init_rodata_start__ + SIZEOF (.init_rodata))
                0x0000000000000010                __init_rodata_size__ = SIZEOF (.init_rodata)
                0x0000000008000438                __init_rodata_load_end__ = __init_rodata_end__
                0x0000000000000001                . = ASSERT (((__init_rodata_start__ == __init_rodata_end__) || ((__init_rodata_end__ - __FLASH_segment_start__) <= __FLASH_segment_size__)), error: .init_rodata is too large to fit in FLASH memory segment)
                0x0000000008000438                __text_load_start__ = ALIGN (__init_rodata_end__, 0x4)

.text           0x0000000008000438     0x111c
                0x0000000008000438                __text_start__ = .
 *(.text .text.* .glue_7t .glue_7 .gnu.linkonce.t.* .gcc_except_table .ARM.extab* .gnu.linkonce.armextab.*)
 .glue_7        0x0000000008000438        0x0 linker stubs
 .glue_7t       0x0000000008000438        0x0 linker stubs
 .text.main     0x0000000008000438       0x74 Output/Pressure_Sensor Debug/Obj/main.o
                0x0000000008000438                main
 .text.SystemClock_Config
                0x00000000080004ac       0xc4 Output/Pressure_Sensor Debug/Obj/main.o
                0x00000000080004ac                SystemClock_Config
 .text.NMI_Handler
                0x0000000008000570        0x4 Output/Pressure_Sensor Debug/Obj/stm32f4xx_it.o
                0x0000000008000570                NMI_Handler
 .text.HardFault_Handler
                0x0000000008000574        0x2 Output/Pressure_Sensor Debug/Obj/stm32f4xx_it.o
                0x0000000008000574                HardFault_Handler
 .text.SVC_Handler
                0x0000000008000576        0x4 Output/Pressure_Sensor Debug/Obj/stm32f4xx_it.o
                0x0000000008000576                SVC_Handler
 .text.PendSV_Handler
                0x000000000800057a        0x4 Output/Pressure_Sensor Debug/Obj/stm32f4xx_it.o
                0x000000000800057a                PendSV_Handler
 .text.SysTick_Handler
                0x000000000800057e        0xa Output/Pressure_Sensor Debug/Obj/stm32f4xx_it.o
                0x000000000800057e                SysTick_Handler
 .text.HAL_Init
                0x0000000008000588       0x34 Output/Pressure_Sensor Debug/Obj/stm32f4xx_hal.o
                0x0000000008000588                HAL_Init
 .text.HAL_InitTick
                0x00000000080005bc       0x60 Output/Pressure_Sensor Debug/Obj/stm32f4xx_hal.o
                0x00000000080005bc                HAL_InitTick
 .text.HAL_IncTick
                0x000000000800061c       0x1c Output/Pressure_Sensor Debug/Obj/stm32f4xx_hal.o
                0x000000000800061c                HAL_IncTick
 .text.HAL_GetTick
                0x0000000008000638        0xc Output/Pressure_Sensor Debug/Obj/stm32f4xx_hal.o
                0x0000000008000638                HAL_GetTick
 .text.HAL_Delay
                0x0000000008000644       0x44 Output/Pressure_Sensor Debug/Obj/stm32f4xx_hal.o
                0x0000000008000644                HAL_Delay
 .text.NVIC_SetPriorityGrouping
                0x0000000008000688       0x40 Output/Pressure_Sensor Debug/Obj/stm32f4xx_hal_cortex.o
 .text.NVIC_GetPriorityGrouping
                0x00000000080006c8       0x14 Output/Pressure_Sensor Debug/Obj/stm32f4xx_hal_cortex.o
 .text.NVIC_SetPriority
                0x00000000080006dc       0x50 Output/Pressure_Sensor Debug/Obj/stm32f4xx_hal_cortex.o
 .text.NVIC_EncodePriority
                0x000000000800072c       0x58 Output/Pressure_Sensor Debug/Obj/stm32f4xx_hal_cortex.o
 .text.SysTick_Config
                0x0000000008000784       0x40 Output/Pressure_Sensor Debug/Obj/stm32f4xx_hal_cortex.o
 .text.HAL_NVIC_SetPriorityGrouping
                0x00000000080007c4       0x14 Output/Pressure_Sensor Debug/Obj/stm32f4xx_hal_cortex.o
                0x00000000080007c4                HAL_NVIC_SetPriorityGrouping
 .text.HAL_NVIC_SetPriority
                0x00000000080007d8       0x38 Output/Pressure_Sensor Debug/Obj/stm32f4xx_hal_cortex.o
                0x00000000080007d8                HAL_NVIC_SetPriority
 .text.HAL_SYSTICK_Config
                0x0000000008000810       0x16 Output/Pressure_Sensor Debug/Obj/stm32f4xx_hal_cortex.o
                0x0000000008000810                HAL_SYSTICK_Config
 *fill*         0x0000000008000826        0x2 
 .text.HAL_GPIO_Init
                0x0000000008000828      0x32c Output/Pressure_Sensor Debug/Obj/stm32f4xx_hal_gpio.o
                0x0000000008000828                HAL_GPIO_Init
 .text.HAL_GPIO_WritePin
                0x0000000008000b54       0x32 Output/Pressure_Sensor Debug/Obj/stm32f4xx_hal_gpio.o
                0x0000000008000b54                HAL_GPIO_WritePin
 .text.HAL_GPIO_TogglePin
                0x0000000008000b86       0x36 Output/Pressure_Sensor Debug/Obj/stm32f4xx_hal_gpio.o
                0x0000000008000b86                HAL_GPIO_TogglePin
 .text.HAL_MspInit
                0x0000000008000bbc        0x4 Output/Pressure_Sensor Debug/Obj/stm32f4xx_hal_msp_template.o
                0x0000000008000bbc                HAL_MspInit
 .text.HAL_RCC_OscConfig
                0x0000000008000bc0      0x4e0 Output/Pressure_Sensor Debug/Obj/stm32f4xx_hal_rcc.o
                0x0000000008000bc0                HAL_RCC_OscConfig
 .text.HAL_RCC_ClockConfig
                0x00000000080010a0      0x1c8 Output/Pressure_Sensor Debug/Obj/stm32f4xx_hal_rcc.o
                0x00000000080010a0                HAL_RCC_ClockConfig
 .text.HAL_RCC_GetSysClockFreq
                0x0000000008001268      0x1b8 Output/Pressure_Sensor Debug/Obj/stm32f4xx_hal_rcc.o
                0x0000000008001268                HAL_RCC_GetSysClockFreq
 .text.libc.__int64_udivmod
                0x0000000008001420       0xce /usr/share/segger_embedded_studio_for_arm_4.40/lib/libc_v7em_fpv4_sp_d16_hard_t_le_eabi.a(libc_asm.o)
                0x0000000008001420                __int64_udivmod
                0x0000000008001420                __aeabi_uldivmod
                0x0000000008001420                __int64_udiv
                0x0000000008001420                __udivdi3
 .text.libc.memset
                0x00000000080014ee       0x66 /usr/share/segger_embedded_studio_for_arm_4.40/lib/libc_v7em_fpv4_sp_d16_hard_t_le_eabi.a(libc2_asm.o)
                0x00000000080014ee                memset
                0x0000000008001554                __text_end__ = (__text_start__ + SIZEOF (.text))
                0x000000000000111c                __text_size__ = SIZEOF (.text)
                0x0000000008001554                __text_load_end__ = __text_end__

.vfp11_veneer   0x0000000100000000        0x0
 .vfp11_veneer  0x0000000100000000        0x0 linker stubs

.v4_bx          0x0000000100000000        0x0
 .v4_bx         0x0000000100000000        0x0 linker stubs

.iplt           0x0000000100000000        0x0
 .iplt          0x0000000100000000        0x0 Output/Pressure_Sensor Debug/Obj/system_stm32f4xx.o

.rel.dyn        0x0000000008000000        0x0
 .rel.iplt      0x0000000008000000        0x0 Output/Pressure_Sensor Debug/Obj/system_stm32f4xx.o
                0x0000000000000001                . = ASSERT (((__text_start__ == __text_end__) || ((__text_end__ - __FLASH_segment_start__) <= __FLASH_segment_size__)), error: .text is too large to fit in FLASH memory segment)
                0x0000000008001554                __dtors_load_start__ = ALIGN (__text_end__, 0x4)

.dtors          0x0000000008001554        0x0
                0x0000000008001554                __dtors_start__ = .
 *(SORT_BY_NAME(.dtors.*))
 *(.dtors)
 *(.fini_array)
 *(SORT_BY_NAME(.fini_array.*))
                0x0000000008001554                __dtors_end__ = (__dtors_start__ + SIZEOF (.dtors))
                0x0000000000000000                __dtors_size__ = SIZEOF (.dtors)
                0x0000000008001554                __dtors_load_end__ = __dtors_end__
                0x0000000000000001                . = ASSERT (((__dtors_start__ == __dtors_end__) || ((__dtors_end__ - __FLASH_segment_start__) <= __FLASH_segment_size__)), error: .dtors is too large to fit in FLASH memory segment)
                0x0000000008001554                __ctors_load_start__ = ALIGN (__dtors_end__, 0x4)

.ctors          0x0000000008001554        0x0
                0x0000000008001554                __ctors_start__ = .
 *(SORT_BY_NAME(.ctors.*))
 *(.ctors)
 *(.init_array)
 *(SORT_BY_NAME(.init_array.*))
                0x0000000008001554                __ctors_end__ = (__ctors_start__ + SIZEOF (.ctors))
                0x0000000000000000                __ctors_size__ = SIZEOF (.ctors)
                0x0000000008001554                __ctors_load_end__ = __ctors_end__
                0x0000000000000001                . = ASSERT (((__ctors_start__ == __ctors_end__) || ((__ctors_end__ - __FLASH_segment_start__) <= __FLASH_segment_size__)), error: .ctors is too large to fit in FLASH memory segment)
                0x0000000008001554                __rodata_load_start__ = ALIGN (__ctors_end__, 0x4)

.rodata         0x0000000008001554        0x0
                0x0000000008001554                __rodata_start__ = .
 *(.rodata .rodata.* .gnu.linkonce.r.*)
                0x0000000008001554                __rodata_end__ = (__rodata_start__ + SIZEOF (.rodata))
                0x0000000000000000                __rodata_size__ = SIZEOF (.rodata)
                0x0000000008001554                __rodata_load_end__ = __rodata_end__
                0x0000000000000001                . = ASSERT (((__rodata_start__ == __rodata_end__) || ((__rodata_end__ - __FLASH_segment_start__) <= __FLASH_segment_size__)), error: .rodata is too large to fit in FLASH memory segment)
                0x0000000008001554                __ARM.exidx_load_start__ = ALIGN (__rodata_end__, 0x4)

.ARM.exidx      0x0000000008001554        0x0
                0x0000000008001554                __ARM.exidx_start__ = .
                0x0000000008001554                __exidx_start = __ARM.exidx_start__
 *(.ARM.exidx .ARM.exidx.*)
                0x0000000008001554                __ARM.exidx_end__ = (__ARM.exidx_start__ + SIZEOF (.ARM.exidx))
                0x0000000000000000                __ARM.exidx_size__ = SIZEOF (.ARM.exidx)
                0x0000000008001554                __exidx_end = __ARM.exidx_end__
                0x0000000008001554                __ARM.exidx_load_end__ = __ARM.exidx_end__
                0x0000000000000001                . = ASSERT (((__ARM.exidx_start__ == __ARM.exidx_end__) || ((__ARM.exidx_end__ - __FLASH_segment_start__) <= __FLASH_segment_size__)), error: .ARM.exidx is too large to fit in FLASH memory segment)
                0x0000000008001554                __fast_load_start__ = ALIGN (__ARM.exidx_end__, 0x4)

.fast           0x0000000010000000        0x0 load address 0x0000000008001554
                0x0000000010000000                __fast_start__ = .
 *(.fast .fast.*)
                0x0000000010000000                __fast_end__ = (__fast_start__ + SIZEOF (.fast))
                0x0000000000000000                __fast_size__ = SIZEOF (.fast)
                0x0000000008001554                __fast_load_end__ = (__fast_load_start__ + SIZEOF (.fast))
                0x0000000000000001                . = ASSERT (((__fast_load_start__ == __fast_load_end__) || ((__fast_load_end__ - __FLASH_segment_start__) <= __FLASH_segment_size__)), error: .fast is too large to fit in FLASH memory segment)

.fast_run       0x0000000010000000        0x0
                0x0000000010000000                __fast_run_start__ = .
                0x0000000010000000                . = MAX ((__fast_run_start__ + SIZEOF (.fast)), .)
                0x0000000010000000                __fast_run_end__ = (__fast_run_start__ + SIZEOF (.fast_run))
                0x0000000000000000                __fast_run_size__ = SIZEOF (.fast_run)
                0x0000000010000000                __fast_run_load_end__ = __fast_run_end__
                0x0000000000000001                . = ASSERT (((__fast_run_start__ == __fast_run_end__) || ((__fast_run_end__ - __RAM_segment_start__) <= __RAM_segment_size__)), error: .fast_run is too large to fit in RAM memory segment)
                0x0000000008001554                __data_load_start__ = ALIGN ((__fast_load_start__ + SIZEOF (.fast)), 0x4)

.data           0x0000000010000000        0x9 load address 0x0000000008001554
                0x0000000010000000                __data_start__ = .
 *(.data .data.* .gnu.linkonce.d.*)
 .data.SystemCoreClock
                0x0000000010000000        0x4 Output/Pressure_Sensor Debug/Obj/system_stm32f4xx.o
                0x0000000010000000                SystemCoreClock
 .data.uwTickPrio
                0x0000000010000004        0x4 Output/Pressure_Sensor Debug/Obj/stm32f4xx_hal.o
                0x0000000010000004                uwTickPrio
 .data.uwTickFreq
                0x0000000010000008        0x1 Output/Pressure_Sensor Debug/Obj/stm32f4xx_hal.o
                0x0000000010000008                uwTickFreq
                0x0000000010000009                __data_end__ = (__data_start__ + SIZEOF (.data))
                0x0000000000000009                __data_size__ = SIZEOF (.data)
                0x000000000800155d                __data_load_end__ = (__data_load_start__ + SIZEOF (.data))

.igot.plt       0x0000000100000000        0x0
 .igot.plt      0x0000000100000000        0x0 Output/Pressure_Sensor Debug/Obj/system_stm32f4xx.o
                0x0000000000000001                . = ASSERT (((__data_load_start__ == __data_load_end__) || ((__data_load_end__ - __FLASH_segment_start__) <= __FLASH_segment_size__)), error: .data is too large to fit in FLASH memory segment)

.data_run       0x0000000010000000        0x9 load address 0x0000000008001554
                0x0000000010000000                __data_run_start__ = .
                0x0000000010000009                . = MAX ((__data_run_start__ + SIZEOF (.data)), .)
 *fill*         0x0000000010000000        0x9 
                0x0000000010000009                __data_run_end__ = (__data_run_start__ + SIZEOF (.data_run))
                0x0000000000000009                __data_run_size__ = SIZEOF (.data_run)
                0x0000000010000009                __data_run_load_end__ = __data_run_end__
                0x0000000000000001                . = ASSERT (((__data_run_start__ == __data_run_end__) || ((__data_run_end__ - __RAM_segment_start__) <= __RAM_segment_size__)), error: .data_run is too large to fit in RAM memory segment)
                0x000000001000000c                __bss_load_start__ = ALIGN (__data_run_end__, 0x4)

.bss            0x000000001000000c       0x18
                0x000000001000000c                __bss_start__ = .
 *(.bss .bss.* .gnu.linkonce.b.*)
 .bss.GPIO_InitStruct
                0x000000001000000c       0x14 Output/Pressure_Sensor Debug/Obj/main.o
                0x000000001000000c                GPIO_InitStruct
 .bss.uwTick    0x0000000010000020        0x4 Output/Pressure_Sensor Debug/Obj/stm32f4xx_hal.o
                0x0000000010000020                uwTick
 *(COMMON)
                0x0000000010000024                __bss_end__ = (__bss_start__ + SIZEOF (.bss))
                0x0000000000000018                __bss_size__ = SIZEOF (.bss)
                0x0000000010000024                __bss_load_end__ = __bss_end__
                0x0000000000000001                . = ASSERT (((__bss_start__ == __bss_end__) || ((__bss_end__ - __RAM_segment_start__) <= __RAM_segment_size__)), error: .bss is too large to fit in RAM memory segment)
                0x0000000010000024                __tbss_load_start__ = ALIGN (__bss_end__, 0x4)

.tbss           0x0000000010000024        0x0
                0x0000000010000024                __tbss_start__ = .
 *(.tbss .tbss.*)
                0x0000000010000024                __tbss_end__ = (__tbss_start__ + SIZEOF (.tbss))
                0x0000000000000000                __tbss_size__ = SIZEOF (.tbss)
                0x0000000010000024                __tbss_load_end__ = __tbss_end__
                0x0000000000000001                . = ASSERT (((__tbss_start__ == __tbss_end__) || ((__tbss_end__ - __RAM_segment_start__) <= __RAM_segment_size__)), error: .tbss is too large to fit in RAM memory segment)
                0x0000000008001560                __tdata_load_start__ = ALIGN ((__data_load_start__ + SIZEOF (.data)), 0x4)

.tdata          0x0000000010000024        0x0 load address 0x0000000008001560
                0x0000000010000024                __tdata_start__ = .
 *(.tdata .tdata.*)
                0x0000000010000024                __tdata_end__ = (__tdata_start__ + SIZEOF (.tdata))
                0x0000000000000000                __tdata_size__ = SIZEOF (.tdata)
                0x0000000008001560                __tdata_load_end__ = (__tdata_load_start__ + SIZEOF (.tdata))
                0x0000000008001560                __FLASH_segment_used_end__ = (ALIGN ((__data_load_start__ + SIZEOF (.data)), 0x4) + SIZEOF (.tdata))
                0x0000000000001560                __FLASH_segment_used_size__ = (__FLASH_segment_used_end__ - __FLASH_segment_start__)
                0x0000000000000001                . = ASSERT (((__tdata_load_start__ == __tdata_load_end__) || ((__tdata_load_end__ - __FLASH_segment_start__) <= __FLASH_segment_size__)), error: .tdata is too large to fit in FLASH memory segment)

.tdata_run      0x0000000010000024        0x0
                0x0000000010000024                __tdata_run_start__ = .
                0x0000000010000024                . = MAX ((__tdata_run_start__ + SIZEOF (.tdata)), .)
                0x0000000010000024                __tdata_run_end__ = (__tdata_run_start__ + SIZEOF (.tdata_run))
                0x0000000000000000                __tdata_run_size__ = SIZEOF (.tdata_run)
                0x0000000010000024                __tdata_run_load_end__ = __tdata_run_end__
                0x0000000000000001                . = ASSERT (((__tdata_run_start__ == __tdata_run_end__) || ((__tdata_run_end__ - __RAM_segment_start__) <= __RAM_segment_size__)), error: .tdata_run is too large to fit in RAM memory segment)
                0x0000000010000024                __non_init_load_start__ = ALIGN (__tdata_run_end__, 0x4)

.non_init       0x0000000010000024        0x0
                0x0000000010000024                __non_init_start__ = .
 *(.non_init .non_init.*)
                0x0000000010000024                __non_init_end__ = (__non_init_start__ + SIZEOF (.non_init))
                0x0000000000000000                __non_init_size__ = SIZEOF (.non_init)
                0x0000000010000024                __non_init_load_end__ = __non_init_end__
                0x0000000000000001                . = ASSERT (((__non_init_start__ == __non_init_end__) || ((__non_init_end__ - __RAM_segment_start__) <= __RAM_segment_size__)), error: .non_init is too large to fit in RAM memory segment)
                0x0000000010000024                __heap_load_start__ = ALIGN (__non_init_end__, 0x4)

.heap           0x0000000010000024      0x100
                0x0000000010000024                __heap_start__ = .
 *(.heap .heap.*)
                0x0000000010000124                . = ALIGN (MAX ((__heap_start__ + __HEAPSIZE__), .), 0x4)
 *fill*         0x0000000010000024      0x100 
                0x0000000010000124                __heap_end__ = (__heap_start__ + SIZEOF (.heap))
                0x0000000000000100                __heap_size__ = SIZEOF (.heap)
                0x0000000010000124                __heap_load_end__ = __heap_end__
                0x0000000000000001                . = ASSERT (((__heap_start__ == __heap_end__) || ((__heap_end__ - __RAM_segment_start__) <= __RAM_segment_size__)), error: .heap is too large to fit in RAM memory segment)
                0x000000001000ff00                __stack_load_start__ = (__RAM_segment_start__ + (__RAM_segment_size__ - 0x100))

.stack          0x000000001000ff00      0x100
                0x000000001000ff00                __stack_start__ = .
 *(.stack .stack.*)
                0x0000000010010000                . = ALIGN (MAX ((__stack_start__ + __STACKSIZE__), .), 0x8)
 *fill*         0x000000001000ff00      0x100 
                0x0000000010010000                __stack_end__ = (__stack_start__ + SIZEOF (.stack))
                0x0000000000000100                __stack_size__ = SIZEOF (.stack)
                0x0000000010010000                __stack_load_end__ = __stack_end__
                0x0000000000000001                . = ASSERT (((__stack_start__ == __stack_end__) || ((__stack_end__ - __RAM_segment_start__) <= __RAM_segment_size__)), error: .stack is too large to fit in RAM memory segment)
                0x0000000000000001                . = ASSERT ((__heap_end__ <= __stack_start__), error: section .heap overlaps absolute placed section .stack)
                0x0000000010010000                __stack_process_load_start__ = ALIGN (__stack_end__, 0x8)

.stack_process  0x0000000010010000        0x0
                0x0000000010010000                __stack_process_start__ = .
 *(.stack_process .stack_process.*)
                0x0000000010010000                . = ALIGN (MAX ((__stack_process_start__ + __STACKSIZE_PROCESS__), .), 0x8)
                0x0000000010010000                __stack_process_end__ = (__stack_process_start__ + SIZEOF (.stack_process))
                0x0000000000000000                __stack_process_size__ = SIZEOF (.stack_process)
                0x0000000010010000                __stack_process_load_end__ = __stack_process_end__
                0x0000000010010000                __RAM_segment_used_end__ = (ALIGN (__stack_end__, 0x8) + SIZEOF (.stack_process))
                0x0000000000010000                __RAM_segment_used_size__ = (__RAM_segment_used_end__ - __RAM_segment_start__)
                0x0000000000000001                . = ASSERT (((__stack_process_start__ == __stack_process_end__) || ((__stack_process_end__ - __RAM_segment_start__) <= __RAM_segment_size__)), error: .stack_process is too large to fit in RAM memory segment)
START GROUP
LOAD Output/Pressure_Sensor Debug/Obj/system_stm32f4xx.o
LOAD Output/Pressure_Sensor Debug/Obj/SEGGER_RTT.o
LOAD Output/Pressure_Sensor Debug/Obj/SEGGER_RTT_SES.o
LOAD Output/Pressure_Sensor Debug/Obj/main.o
LOAD Output/Pressure_Sensor Debug/Obj/stm32f4xx_it.o
LOAD Output/Pressure_Sensor Debug/Obj/thumb_crt0.o
LOAD Output/Pressure_Sensor Debug/Obj/STM32F4xx_Startup.o
LOAD Output/Pressure_Sensor Debug/Obj/STM32F40x_Vectors.o
LOAD Output/Pressure_Sensor Debug/Obj/stm32f4xx_hal_adc.o
LOAD Output/Pressure_Sensor Debug/Obj/stm32f4xx_hal_adc_ex.o
LOAD Output/Pressure_Sensor Debug/Obj/stm32f4xx_hal.o
LOAD Output/Pressure_Sensor Debug/Obj/stm32f4xx_hal_can.o
LOAD Output/Pressure_Sensor Debug/Obj/stm32f4xx_hal_cec.o
LOAD Output/Pressure_Sensor Debug/Obj/stm32f4xx_hal_cortex.o
LOAD Output/Pressure_Sensor Debug/Obj/stm32f4xx_hal_crc.o
LOAD Output/Pressure_Sensor Debug/Obj/stm32f4xx_hal_cryp.o
LOAD Output/Pressure_Sensor Debug/Obj/stm32f4xx_hal_cryp_ex.o
LOAD Output/Pressure_Sensor Debug/Obj/stm32f4xx_hal_dac.o
LOAD Output/Pressure_Sensor Debug/Obj/stm32f4xx_hal_dac_ex.o
LOAD Output/Pressure_Sensor Debug/Obj/stm32f4xx_hal_dcmi.o
LOAD Output/Pressure_Sensor Debug/Obj/stm32f4xx_hal_dcmi_ex.o
LOAD Output/Pressure_Sensor Debug/Obj/stm32f4xx_hal_dfsdm.o
LOAD Output/Pressure_Sensor Debug/Obj/stm32f4xx_hal_dma2d.o
LOAD Output/Pressure_Sensor Debug/Obj/stm32f4xx_hal_dma.o
LOAD Output/Pressure_Sensor Debug/Obj/stm32f4xx_hal_dma_ex.o
LOAD Output/Pressure_Sensor Debug/Obj/stm32f4xx_hal_dsi.o
LOAD Output/Pressure_Sensor Debug/Obj/stm32f4xx_hal_eth.o
LOAD Output/Pressure_Sensor Debug/Obj/stm32f4xx_hal_exti.o
LOAD Output/Pressure_Sensor Debug/Obj/stm32f4xx_hal_flash.o
LOAD Output/Pressure_Sensor Debug/Obj/stm32f4xx_hal_flash_ex.o
LOAD Output/Pressure_Sensor Debug/Obj/stm32f4xx_hal_flash_ramfunc.o
LOAD Output/Pressure_Sensor Debug/Obj/stm32f4xx_hal_fmpi2c.o
LOAD Output/Pressure_Sensor Debug/Obj/stm32f4xx_hal_fmpi2c_ex.o
LOAD Output/Pressure_Sensor Debug/Obj/stm32f4xx_hal_gpio.o
LOAD Output/Pressure_Sensor Debug/Obj/stm32f4xx_hal_hash.o
LOAD Output/Pressure_Sensor Debug/Obj/stm32f4xx_hal_hash_ex.o
LOAD Output/Pressure_Sensor Debug/Obj/stm32f4xx_hal_hcd.o
LOAD Output/Pressure_Sensor Debug/Obj/stm32f4xx_hal_i2c.o
LOAD Output/Pressure_Sensor Debug/Obj/stm32f4xx_hal_i2c_ex.o
LOAD Output/Pressure_Sensor Debug/Obj/stm32f4xx_hal_i2s.o
LOAD Output/Pressure_Sensor Debug/Obj/stm32f4xx_hal_i2s_ex.o
LOAD Output/Pressure_Sensor Debug/Obj/stm32f4xx_hal_irda.o
LOAD Output/Pressure_Sensor Debug/Obj/stm32f4xx_hal_iwdg.o
LOAD Output/Pressure_Sensor Debug/Obj/stm32f4xx_hal_lptim.o
LOAD Output/Pressure_Sensor Debug/Obj/stm32f4xx_hal_ltdc.o
LOAD Output/Pressure_Sensor Debug/Obj/stm32f4xx_hal_ltdc_ex.o
LOAD Output/Pressure_Sensor Debug/Obj/stm32f4xx_hal_mmc.o
LOAD Output/Pressure_Sensor Debug/Obj/stm32f4xx_hal_msp_template.o
LOAD Output/Pressure_Sensor Debug/Obj/stm32f4xx_hal_nand.o
LOAD Output/Pressure_Sensor Debug/Obj/stm32f4xx_hal_nor.o
LOAD Output/Pressure_Sensor Debug/Obj/stm32f4xx_hal_pccard.o
LOAD Output/Pressure_Sensor Debug/Obj/stm32f4xx_hal_pcd.o
LOAD Output/Pressure_Sensor Debug/Obj/stm32f4xx_hal_pcd_ex.o
LOAD Output/Pressure_Sensor Debug/Obj/stm32f4xx_hal_pwr.o
LOAD Output/Pressure_Sensor Debug/Obj/stm32f4xx_hal_pwr_ex.o
LOAD Output/Pressure_Sensor Debug/Obj/stm32f4xx_hal_qspi.o
LOAD Output/Pressure_Sensor Debug/Obj/stm32f4xx_hal_rcc.o
LOAD Output/Pressure_Sensor Debug/Obj/stm32f4xx_hal_rcc_ex.o
LOAD Output/Pressure_Sensor Debug/Obj/stm32f4xx_hal_rng.o
LOAD Output/Pressure_Sensor Debug/Obj/stm32f4xx_hal_rtc.o
LOAD Output/Pressure_Sensor Debug/Obj/stm32f4xx_hal_rtc_ex.o
LOAD Output/Pressure_Sensor Debug/Obj/stm32f4xx_hal_sai.o
LOAD Output/Pressure_Sensor Debug/Obj/stm32f4xx_hal_sai_ex.o
LOAD Output/Pressure_Sensor Debug/Obj/stm32f4xx_hal_sd.o
LOAD Output/Pressure_Sensor Debug/Obj/stm32f4xx_hal_sdram.o
LOAD Output/Pressure_Sensor Debug/Obj/stm32f4xx_hal_smartcard.o
LOAD Output/Pressure_Sensor Debug/Obj/stm32f4xx_hal_smbus.o
LOAD Output/Pressure_Sensor Debug/Obj/stm32f4xx_hal_spdifrx.o
LOAD Output/Pressure_Sensor Debug/Obj/stm32f4xx_hal_spi.o
LOAD Output/Pressure_Sensor Debug/Obj/stm32f4xx_hal_sram.o
LOAD Output/Pressure_Sensor Debug/Obj/stm32f4xx_hal_tim.o
LOAD Output/Pressure_Sensor Debug/Obj/stm32f4xx_hal_tim_ex.o
LOAD Output/Pressure_Sensor Debug/Obj/stm32f4xx_hal_uart.o
LOAD Output/Pressure_Sensor Debug/Obj/stm32f4xx_hal_usart.o
LOAD Output/Pressure_Sensor Debug/Obj/stm32f4xx_hal_wwdg.o
LOAD /usr/share/segger_embedded_studio_for_arm_4.40/lib/libdebugio_mempoll_v7em_fpv4_sp_d16_hard_t_le_eabi.a
LOAD /usr/share/segger_embedded_studio_for_arm_4.40/lib/libm_v7em_fpv4_sp_d16_hard_t_le_eabi.a
LOAD /usr/share/segger_embedded_studio_for_arm_4.40/lib/libc_v7em_fpv4_sp_d16_hard_t_le_eabi.a
LOAD /usr/share/segger_embedded_studio_for_arm_4.40/lib/libcpp_v7em_fpv4_sp_d16_hard_t_le_eabi.a
LOAD /usr/share/segger_embedded_studio_for_arm_4.40/lib/libdebugio_v7em_fpv4_sp_d16_hard_t_le_eabi.a
LOAD /usr/share/segger_embedded_studio_for_arm_4.40/lib/libvfprintf_v7em_fpv4_sp_d16_hard_t_le_eabi.o
LOAD /usr/share/segger_embedded_studio_for_arm_4.40/lib/libvfscanf_v7em_fpv4_sp_d16_hard_t_le_eabi.o
END GROUP
OUTPUT(Output/Debug/Exe/Pressure_Sensor.elf elf32-littlearm)

.debug_frame    0x0000000000000000      0xa84
 .debug_frame   0x0000000000000000       0x40 Output/Pressure_Sensor Debug/Obj/system_stm32f4xx.o
 .debug_frame   0x0000000000000040       0x58 Output/Pressure_Sensor Debug/Obj/main.o
 .debug_frame   0x0000000000000098       0xac Output/Pressure_Sensor Debug/Obj/stm32f4xx_it.o
 .debug_frame   0x0000000000000144      0x220 Output/Pressure_Sensor Debug/Obj/stm32f4xx_hal.o
 .debug_frame   0x0000000000000364      0x41c Output/Pressure_Sensor Debug/Obj/stm32f4xx_hal_cortex.o
 .debug_frame   0x0000000000000780      0x118 Output/Pressure_Sensor Debug/Obj/stm32f4xx_hal_gpio.o
 .debug_frame   0x0000000000000898       0x50 Output/Pressure_Sensor Debug/Obj/stm32f4xx_hal_msp_template.o
 .debug_frame   0x00000000000008e8      0x19c Output/Pressure_Sensor Debug/Obj/stm32f4xx_hal_rcc.o

.debug_info     0x0000000000000000     0x6494
 .debug_info    0x0000000000000000      0xad6 Output/Pressure_Sensor Debug/Obj/system_stm32f4xx.o
 .debug_info    0x0000000000000ad6      0xc24 Output/Pressure_Sensor Debug/Obj/main.o
 .debug_info    0x00000000000016fa      0x754 Output/Pressure_Sensor Debug/Obj/stm32f4xx_it.o
 .debug_info    0x0000000000001e4e       0x22 Output/Pressure_Sensor Debug/Obj/thumb_crt0.o
 .debug_info    0x0000000000001e70       0x26 Output/Pressure_Sensor Debug/Obj/STM32F4xx_Startup.o
 .debug_info    0x0000000000001e96       0x26 Output/Pressure_Sensor Debug/Obj/STM32F40x_Vectors.o
 .debug_info    0x0000000000001ebc      0xede Output/Pressure_Sensor Debug/Obj/stm32f4xx_hal.o
 .debug_info    0x0000000000002d9a     0x13fc Output/Pressure_Sensor Debug/Obj/stm32f4xx_hal_cortex.o
 .debug_info    0x0000000000004196      0xd54 Output/Pressure_Sensor Debug/Obj/stm32f4xx_hal_gpio.o
 .debug_info    0x0000000000004eea      0x6fa Output/Pressure_Sensor Debug/Obj/stm32f4xx_hal_msp_template.o
 .debug_info    0x00000000000055e4      0xeb0 Output/Pressure_Sensor Debug/Obj/stm32f4xx_hal_rcc.o

.debug_abbrev   0x0000000000000000     0x111e
 .debug_abbrev  0x0000000000000000      0x1b3 Output/Pressure_Sensor Debug/Obj/system_stm32f4xx.o
 .debug_abbrev  0x00000000000001b3      0x1dc Output/Pressure_Sensor Debug/Obj/main.o
 .debug_abbrev  0x000000000000038f      0x160 Output/Pressure_Sensor Debug/Obj/stm32f4xx_it.o
 .debug_abbrev  0x00000000000004ef       0x12 Output/Pressure_Sensor Debug/Obj/thumb_crt0.o
 .debug_abbrev  0x0000000000000501       0x14 Output/Pressure_Sensor Debug/Obj/STM32F4xx_Startup.o
 .debug_abbrev  0x0000000000000515       0x14 Output/Pressure_Sensor Debug/Obj/STM32F40x_Vectors.o
 .debug_abbrev  0x0000000000000529      0x25b Output/Pressure_Sensor Debug/Obj/stm32f4xx_hal.o
 .debug_abbrev  0x0000000000000784      0x364 Output/Pressure_Sensor Debug/Obj/stm32f4xx_hal_cortex.o
 .debug_abbrev  0x0000000000000ae8      0x236 Output/Pressure_Sensor Debug/Obj/stm32f4xx_hal_gpio.o
 .debug_abbrev  0x0000000000000d1e      0x146 Output/Pressure_Sensor Debug/Obj/stm32f4xx_hal_msp_template.o
 .debug_abbrev  0x0000000000000e64      0x2ba Output/Pressure_Sensor Debug/Obj/stm32f4xx_hal_rcc.o

.debug_pubnames
                0x0000000000000000     0x185e
 .debug_pubnames
                0x0000000000000000       0x73 Output/Pressure_Sensor Debug/Obj/system_stm32f4xx.o
 .debug_pubnames
                0x0000000000000073       0xa0 Output/Pressure_Sensor Debug/Obj/main.o
 .debug_pubnames
                0x0000000000000113       0xc6 Output/Pressure_Sensor Debug/Obj/stm32f4xx_it.o
 .debug_pubnames
                0x00000000000001d9      0x993 Output/Pressure_Sensor Debug/Obj/stm32f4xx_hal.o
 .debug_pubnames
                0x0000000000000b6c      0x99f Output/Pressure_Sensor Debug/Obj/stm32f4xx_hal_cortex.o
 .debug_pubnames
                0x000000000000150b      0x133 Output/Pressure_Sensor Debug/Obj/stm32f4xx_hal_gpio.o
 .debug_pubnames
                0x000000000000163e       0x5e Output/Pressure_Sensor Debug/Obj/stm32f4xx_hal_msp_template.o
 .debug_pubnames
                0x000000000000169c      0x1c2 Output/Pressure_Sensor Debug/Obj/stm32f4xx_hal_rcc.o

.debug_pubtypes
                0x0000000000000000     0x1027
 .debug_pubtypes
                0x0000000000000000      0x1c5 Output/Pressure_Sensor Debug/Obj/system_stm32f4xx.o
 .debug_pubtypes
                0x00000000000001c5      0x249 Output/Pressure_Sensor Debug/Obj/main.o
 .debug_pubtypes
                0x000000000000040e      0x1a8 Output/Pressure_Sensor Debug/Obj/stm32f4xx_it.o
 .debug_pubtypes
                0x00000000000005b6      0x204 Output/Pressure_Sensor Debug/Obj/stm32f4xx_hal.o
 .debug_pubtypes
                0x00000000000007ba      0x20a Output/Pressure_Sensor Debug/Obj/stm32f4xx_hal_cortex.o
 .debug_pubtypes
                0x00000000000009c4      0x237 Output/Pressure_Sensor Debug/Obj/stm32f4xx_hal_gpio.o
 .debug_pubtypes
                0x0000000000000bfb      0x1a8 Output/Pressure_Sensor Debug/Obj/stm32f4xx_hal_msp_template.o
 .debug_pubtypes
                0x0000000000000da3      0x284 Output/Pressure_Sensor Debug/Obj/stm32f4xx_hal_rcc.o

.debug_aranges  0x0000000000000000      0x490
 .debug_aranges
                0x0000000000000000       0x28 Output/Pressure_Sensor Debug/Obj/system_stm32f4xx.o
 .debug_aranges
                0x0000000000000028       0x28 Output/Pressure_Sensor Debug/Obj/main.o
 .debug_aranges
                0x0000000000000050       0x60 Output/Pressure_Sensor Debug/Obj/stm32f4xx_it.o
 .debug_aranges
                0x00000000000000b0       0x80 Output/Pressure_Sensor Debug/Obj/thumb_crt0.o
 .debug_aranges
                0x0000000000000130       0x20 Output/Pressure_Sensor Debug/Obj/STM32F4xx_Startup.o
 .debug_aranges
                0x0000000000000150       0x20 Output/Pressure_Sensor Debug/Obj/STM32F40x_Vectors.o
 .debug_aranges
                0x0000000000000170       0xf0 Output/Pressure_Sensor Debug/Obj/stm32f4xx_hal.o
 .debug_aranges
                0x0000000000000260      0x118 Output/Pressure_Sensor Debug/Obj/stm32f4xx_hal_cortex.o
 .debug_aranges
                0x0000000000000378       0x58 Output/Pressure_Sensor Debug/Obj/stm32f4xx_hal_gpio.o
 .debug_aranges
                0x00000000000003d0       0x38 Output/Pressure_Sensor Debug/Obj/stm32f4xx_hal_msp_template.o
 .debug_aranges
                0x0000000000000408       0x88 Output/Pressure_Sensor Debug/Obj/stm32f4xx_hal_rcc.o

.debug_ranges   0x0000000000000000      0x3c8
 .debug_ranges  0x0000000000000000       0x18 Output/Pressure_Sensor Debug/Obj/system_stm32f4xx.o
 .debug_ranges  0x0000000000000018       0x18 Output/Pressure_Sensor Debug/Obj/main.o
 .debug_ranges  0x0000000000000030       0x50 Output/Pressure_Sensor Debug/Obj/stm32f4xx_it.o
 .debug_ranges  0x0000000000000080       0x78 Output/Pressure_Sensor Debug/Obj/thumb_crt0.o
 .debug_ranges  0x00000000000000f8       0xe0 Output/Pressure_Sensor Debug/Obj/stm32f4xx_hal.o
 .debug_ranges  0x00000000000001d8      0x108 Output/Pressure_Sensor Debug/Obj/stm32f4xx_hal_cortex.o
 .debug_ranges  0x00000000000002e0       0x48 Output/Pressure_Sensor Debug/Obj/stm32f4xx_hal_gpio.o
 .debug_ranges  0x0000000000000328       0x28 Output/Pressure_Sensor Debug/Obj/stm32f4xx_hal_msp_template.o
 .debug_ranges  0x0000000000000350       0x78 Output/Pressure_Sensor Debug/Obj/stm32f4xx_hal_rcc.o

.debug_macro    0x0000000000000000    0x1e6ee
 .debug_macro   0x0000000000000000      0x192 Output/Pressure_Sensor Debug/Obj/system_stm32f4xx.o
 .debug_macro   0x0000000000000192      0xade Output/Pressure_Sensor Debug/Obj/system_stm32f4xx.o
 .debug_macro   0x0000000000000c70       0x33 Output/Pressure_Sensor Debug/Obj/system_stm32f4xx.o
 .debug_macro   0x0000000000000ca3       0x28 Output/Pressure_Sensor Debug/Obj/system_stm32f4xx.o
 .debug_macro   0x0000000000000ccb      0x1a3 Output/Pressure_Sensor Debug/Obj/system_stm32f4xx.o
 .debug_macro   0x0000000000000e6e       0x35 Output/Pressure_Sensor Debug/Obj/system_stm32f4xx.o
 .debug_macro   0x0000000000000ea3       0x50 Output/Pressure_Sensor Debug/Obj/system_stm32f4xx.o
 .debug_macro   0x0000000000000ef3      0xe66 Output/Pressure_Sensor Debug/Obj/system_stm32f4xx.o
 .debug_macro   0x0000000000001d59    0x15d7f Output/Pressure_Sensor Debug/Obj/system_stm32f4xx.o
 .debug_macro   0x0000000000017ad8       0x43 Output/Pressure_Sensor Debug/Obj/system_stm32f4xx.o
 .debug_macro   0x0000000000017b1b      0x1a7 Output/Pressure_Sensor Debug/Obj/system_stm32f4xx.o
 .debug_macro   0x0000000000017cc2     0x3652 Output/Pressure_Sensor Debug/Obj/system_stm32f4xx.o
 .debug_macro   0x000000000001b314       0x89 Output/Pressure_Sensor Debug/Obj/system_stm32f4xx.o
 .debug_macro   0x000000000001b39d       0x1c Output/Pressure_Sensor Debug/Obj/system_stm32f4xx.o
 .debug_macro   0x000000000001b3b9       0x5a Output/Pressure_Sensor Debug/Obj/system_stm32f4xx.o
 .debug_macro   0x000000000001b413      0x96b Output/Pressure_Sensor Debug/Obj/system_stm32f4xx.o
 .debug_macro   0x000000000001bd7e      0x9fe Output/Pressure_Sensor Debug/Obj/system_stm32f4xx.o
 .debug_macro   0x000000000001c77c      0x117 Output/Pressure_Sensor Debug/Obj/system_stm32f4xx.o
 .debug_macro   0x000000000001c893      0x13e Output/Pressure_Sensor Debug/Obj/system_stm32f4xx.o
 .debug_macro   0x000000000001c9d1       0x27 Output/Pressure_Sensor Debug/Obj/system_stm32f4xx.o
 .debug_macro   0x000000000001c9f8      0x287 Output/Pressure_Sensor Debug/Obj/system_stm32f4xx.o
 .debug_macro   0x000000000001cc7f       0x5f Output/Pressure_Sensor Debug/Obj/system_stm32f4xx.o
 .debug_macro   0x000000000001ccde      0x236 Output/Pressure_Sensor Debug/Obj/system_stm32f4xx.o
 .debug_macro   0x000000000001cf14      0x12c Output/Pressure_Sensor Debug/Obj/system_stm32f4xx.o
 .debug_macro   0x000000000001d040      0x21e Output/Pressure_Sensor Debug/Obj/system_stm32f4xx.o
 .debug_macro   0x000000000001d25e       0x2e Output/Pressure_Sensor Debug/Obj/system_stm32f4xx.o
 .debug_macro   0x000000000001d28c      0x1b5 Output/Pressure_Sensor Debug/Obj/system_stm32f4xx.o
 .debug_macro   0x000000000001d441       0xd6 Output/Pressure_Sensor Debug/Obj/system_stm32f4xx.o
 .debug_macro   0x000000000001d517      0x11a Output/Pressure_Sensor Debug/Obj/system_stm32f4xx.o
 .debug_macro   0x000000000001d631       0x7e Output/Pressure_Sensor Debug/Obj/system_stm32f4xx.o
 .debug_macro   0x000000000001d6af       0x89 Output/Pressure_Sensor Debug/Obj/system_stm32f4xx.o
 .debug_macro   0x000000000001d738      0x225 Output/Pressure_Sensor Debug/Obj/system_stm32f4xx.o
 .debug_macro   0x000000000001d95d      0x12d Output/Pressure_Sensor Debug/Obj/system_stm32f4xx.o
 .debug_macro   0x000000000001da8a      0x19e Output/Pressure_Sensor Debug/Obj/main.o
 .debug_macro   0x000000000001dc28       0x78 Output/Pressure_Sensor Debug/Obj/main.o
 .debug_macro   0x000000000001dca0       0x28 Output/Pressure_Sensor Debug/Obj/main.o
 .debug_macro   0x000000000001dcc8       0x10 Output/Pressure_Sensor Debug/Obj/main.o
 .debug_macro   0x000000000001dcd8      0x1a0 Output/Pressure_Sensor Debug/Obj/stm32f4xx_it.o
 .debug_macro   0x000000000001de78      0x1ec Output/Pressure_Sensor Debug/Obj/stm32f4xx_hal.o
 .debug_macro   0x000000000001e064      0x18c Output/Pressure_Sensor Debug/Obj/stm32f4xx_hal_cortex.o
 .debug_macro   0x000000000001e1f0      0x1c2 Output/Pressure_Sensor Debug/Obj/stm32f4xx_hal_gpio.o
 .debug_macro   0x000000000001e3b2      0x18c Output/Pressure_Sensor Debug/Obj/stm32f4xx_hal_msp_template.o
 .debug_macro   0x000000000001e53e      0x1b0 Output/Pressure_Sensor Debug/Obj/stm32f4xx_hal_rcc.o

.debug_line     0x0000000000000000     0x4481
 .debug_line    0x0000000000000000      0x629 Output/Pressure_Sensor Debug/Obj/system_stm32f4xx.o
 .debug_line    0x0000000000000629      0x5e4 Output/Pressure_Sensor Debug/Obj/main.o
 .debug_line    0x0000000000000c0d      0x625 Output/Pressure_Sensor Debug/Obj/stm32f4xx_it.o
 .debug_line    0x0000000000001232      0x1f6 Output/Pressure_Sensor Debug/Obj/thumb_crt0.o
 .debug_line    0x0000000000001428       0xbd Output/Pressure_Sensor Debug/Obj/STM32F4xx_Startup.o
 .debug_line    0x00000000000014e5       0xfa Output/Pressure_Sensor Debug/Obj/STM32F40x_Vectors.o
 .debug_line    0x00000000000015df      0x84d Output/Pressure_Sensor Debug/Obj/stm32f4xx_hal.o
 .debug_line    0x0000000000001e2c      0xb1d Output/Pressure_Sensor Debug/Obj/stm32f4xx_hal_cortex.o
 .debug_line    0x0000000000002949      0x9d6 Output/Pressure_Sensor Debug/Obj/stm32f4xx_hal_gpio.o
 .debug_line    0x000000000000331f      0x5af Output/Pressure_Sensor Debug/Obj/stm32f4xx_hal_msp_template.o
 .debug_line    0x00000000000038ce      0xbb3 Output/Pressure_Sensor Debug/Obj/stm32f4xx_hal_rcc.o

.debug_str      0x0000000000000000    0xb95de
 .debug_str     0x0000000000000000    0xb7a73 Output/Pressure_Sensor Debug/Obj/system_stm32f4xx.o
                                      0xb7c4d (size before relaxing)
 .debug_str     0x00000000000b7a73      0x4ea Output/Pressure_Sensor Debug/Obj/main.o
                                      0xb7eb1 (size before relaxing)
 .debug_str     0x00000000000b7f5d      0x10a Output/Pressure_Sensor Debug/Obj/stm32f4xx_it.o
                                      0xb7b13 (size before relaxing)
 .debug_str     0x00000000000b8067       0x6a Output/Pressure_Sensor Debug/Obj/thumb_crt0.o
                                         0xb9 (size before relaxing)
 .debug_str     0x00000000000b80d1       0x74 Output/Pressure_Sensor Debug/Obj/STM32F4xx_Startup.o
                                         0xd1 (size before relaxing)
 .debug_str     0x00000000000b8145       0x74 Output/Pressure_Sensor Debug/Obj/STM32F40x_Vectors.o
                                         0xd1 (size before relaxing)
 .debug_str     0x00000000000b81b9      0xaab Output/Pressure_Sensor Debug/Obj/stm32f4xx_hal.o
                                      0xb86ce (size before relaxing)
 .debug_str     0x00000000000b8c64      0x3f1 Output/Pressure_Sensor Debug/Obj/stm32f4xx_hal_cortex.o
                                      0xb84ad (size before relaxing)
 .debug_str     0x00000000000b9055      0x24d Output/Pressure_Sensor Debug/Obj/stm32f4xx_hal_gpio.o
                                      0xb7e3e (size before relaxing)
 .debug_str     0x00000000000b92a2       0xa4 Output/Pressure_Sensor Debug/Obj/stm32f4xx_hal_msp_template.o
                                      0xb7ac7 (size before relaxing)
 .debug_str     0x00000000000b9346      0x298 Output/Pressure_Sensor Debug/Obj/stm32f4xx_hal_rcc.o
                                      0xb7fe1 (size before relaxing)

.comment        0x0000000000000000       0x47
 .comment       0x0000000000000000       0x47 Output/Pressure_Sensor Debug/Obj/system_stm32f4xx.o
                                         0x48 (size before relaxing)
 .comment       0x0000000000000047       0x48 Output/Pressure_Sensor Debug/Obj/main.o
 .comment       0x0000000000000047       0x48 Output/Pressure_Sensor Debug/Obj/stm32f4xx_it.o
 .comment       0x0000000000000047       0x48 Output/Pressure_Sensor Debug/Obj/stm32f4xx_hal.o
 .comment       0x0000000000000047       0x48 Output/Pressure_Sensor Debug/Obj/stm32f4xx_hal_cortex.o
 .comment       0x0000000000000047       0x48 Output/Pressure_Sensor Debug/Obj/stm32f4xx_hal_gpio.o
 .comment       0x0000000000000047       0x48 Output/Pressure_Sensor Debug/Obj/stm32f4xx_hal_msp_template.o
 .comment       0x0000000000000047       0x48 Output/Pressure_Sensor Debug/Obj/stm32f4xx_hal_rcc.o

.ARM.attributes
                0x0000000000000000       0x37
 .ARM.attributes
                0x0000000000000000       0x39 Output/Pressure_Sensor Debug/Obj/system_stm32f4xx.o
 .ARM.attributes
                0x0000000000000039       0x39 Output/Pressure_Sensor Debug/Obj/main.o
 .ARM.attributes
                0x0000000000000072       0x39 Output/Pressure_Sensor Debug/Obj/stm32f4xx_it.o
 .ARM.attributes
                0x00000000000000ab       0x25 Output/Pressure_Sensor Debug/Obj/thumb_crt0.o
 .ARM.attributes
                0x00000000000000d0       0x25 Output/Pressure_Sensor Debug/Obj/STM32F4xx_Startup.o
 .ARM.attributes
                0x00000000000000f5       0x25 Output/Pressure_Sensor Debug/Obj/STM32F40x_Vectors.o
 .ARM.attributes
                0x000000000000011a       0x39 Output/Pressure_Sensor Debug/Obj/stm32f4xx_hal.o
 .ARM.attributes
                0x0000000000000153       0x39 Output/Pressure_Sensor Debug/Obj/stm32f4xx_hal_cortex.o
 .ARM.attributes
                0x000000000000018c       0x39 Output/Pressure_Sensor Debug/Obj/stm32f4xx_hal_gpio.o
 .ARM.attributes
                0x00000000000001c5       0x39 Output/Pressure_Sensor Debug/Obj/stm32f4xx_hal_msp_template.o
 .ARM.attributes
                0x00000000000001fe       0x39 Output/Pressure_Sensor Debug/Obj/stm32f4xx_hal_rcc.o
 .ARM.attributes
                0x0000000000000237       0x20 /usr/share/segger_embedded_studio_for_arm_4.40/lib/libc_v7em_fpv4_sp_d16_hard_t_le_eabi.a(libc_asm.o)
 .ARM.attributes
                0x0000000000000257       0x20 /usr/share/segger_embedded_studio_for_arm_4.40/lib/libc_v7em_fpv4_sp_d16_hard_t_le_eabi.a(libc2_asm.o)
